Archive member included because of file (symbol)

board/spreadtrum/sp7731gea/libsp7731gea.o(openphone.o)
                              arch/arm/lib/libarm.o (board_init)
board/spreadtrum/sp7731gea/libsp7731gea.o(sprd_kp.o)
                              arch/arm/lib/libarm.o (board_keypad_init)
board/spreadtrum/sp7731gea/libsp7731gea.o(pinmap-sp8830.o)
                              board/spreadtrum/sp7731gea/libsp7731gea.o(openphone.o) (pin_init)
board/spreadtrum/sp7731gea/libsp7731gea.o(ldo_sleep.o)
                              board/spreadtrum/sp7731gea/libsp7731gea.o(openphone.o) (init_ldo_sleep_gr)
arch/arm/cpu/armv7/sc8830/libsc8830.o(mmu_asm.o)
                              property/libproperty.o (MMU_InvalideICACHEALL)
arch/arm/cpu/armv7/sc8830/libsc8830.o(timer.o)
                              arch/arm/lib/libarm.o (timer_init)
arch/arm/cpu/armv7/sc8830/libsc8830.o(reset.o)
                              arch/arm/lib/libarm.o (reset_cpu)
arch/arm/cpu/armv7/sc8830/libsc8830.o(ldo.o)
                              drivers/mmc/libmmc.o (LDO_TurnOnLDO)
arch/arm/cpu/armv7/sc8830/libsc8830.o(chg_phy.o)
                              property/libproperty.o (CHGMNG_AdcvalueToVoltage)
arch/arm/cpu/armv7/sc8830/libsc8830.o(mmu.o)
                              arch/arm/lib/libarm.o (MMU_Init)
arch/arm/cpu/armv7/sc8830/libsc8830.o(adc.o)
                              property/libproperty.o (ADC_Init)
arch/arm/cpu/armv7/sc8830/libsc8830.o(rtc-sprd.o)
                              arch/arm/cpu/armv7/sc8830/libsc8830.o(reset.o) (rtc_clean_all_int)
arch/arm/cpu/armv7/sc8830/libsc8830.o(sec_boot.o)
                              drivers/usb/gadget/libusb_gadget.o (secureboot_enabled)
arch/arm/cpu/armv7/sc8830/libsc8830.o(glb.o)
                              drivers/sound/codec/libcodec.o (sci_glb_write)
arch/arm/cpu/armv7/sc8830/libsc8830.o(adi.o)
                              drivers/sound/codec/libcodec.o (sci_adi_read)
arch/arm/cpu/armv7/sc8830/libsc8830.o(gpio.o)
                              drivers/mmc/libmmc.o (sprd_gpio_direction_output)
arch/arm/cpu/armv7/sc8830/libsc8830.o(gpio_phy.o)
                              arch/arm/cpu/armv7/sc8830/libsc8830.o(gpio.o) (gpio_get_section_table)
arch/arm/cpu/armv7/sc8830/libsc8830.o(check_reboot.o)
                              property/libproperty.o (check_reboot_mode)
arch/arm/cpu/armv7/sc8830/libsc8830.o(eic.o)
                              arch/arm/cpu/armv7/sc8830/libsc8830.o(check_reboot.o) (sprd_eic_get)
arch/arm/cpu/armv7/sc8830/libsc8830.o(vibrator_sc2713.o)
                              property/libproperty.o (set_vibrator)
arch/arm/cpu/armv7/sc8830/libsc8830.o(otp-helper.o)
                              arch/arm/cpu/armv7/sc8830/libsc8830.o(chg_phy.o) (sci_efuse_calibration_get)
arch/arm/cpu/armv7/sc8830/libsc8830.o(efuse.o)
                              arch/arm/cpu/armv7/sc8830/libsc8830.o(otp-helper.o) (__ddie_efuse_block_dump)
arch/arm/cpu/armv7/sc8830/libsc8830.o(watchdog.o)
                              arch/arm/cpu/armv7/sc8830/libsc8830.o(reset.o) (start_watchdog)
arch/arm/cpu/armv7/sc8830/libsc8830.o(watchdog_phy_v3.o)
                              arch/arm/cpu/armv7/sc8830/libsc8830.o(watchdog.o) (WDG_ClockOn)
arch/arm/cpu/armv7/sc8830/libsc8830.o(watchdog_hal.o)
                              arch/arm/cpu/armv7/sc8830/libsc8830.o(watchdog.o) (WDG_TimerStop)
arch/arm/cpu/armv7/sc8830/libsc8830.o(chip_cfg.o)
                              nand_fdl/common/src/libfdlcommon.o (FDL_GetBootMode)
arch/arm/cpu/armv7/sc8830/libsc8830.o(chip_phy_x30g.o)
                              property/libproperty.o (CHIP_ResetMCU)
arch/arm/cpu/armv7/sc8830/libsc8830.o(Tshark_boot_cp.o)
                              property/libproperty.o (boot_cp0)
arch/arm/cpu/armv7/sc8830/libsc8830.o(misc.o)
                              arch/arm/cpu/armv7/sc8830/libsc8830.o(check_reboot.o) (is_7s_reset)
arch/arm/cpu/armv7/sc8830/libsc8830.o(dcdc_cal_sc2713s.o)
                              arch/arm/lib/libarm.o (DCDC_Cal_ArmCore)
/usr/lib/gcc/arm-linux-gnueabihf/4.6/libgcc.a(_udivsi3.o)
                              disk/libdisk.o (__aeabi_uidiv)
/usr/lib/gcc/arm-linux-gnueabihf/4.6/libgcc.a(_divsi3.o)
                              common/libcommon.o (__aeabi_idiv)
/usr/lib/gcc/arm-linux-gnueabihf/4.6/libgcc.a(_lshrdi3.o)
                              drivers/mtd/nand/libnand.o (__aeabi_llsr)
/usr/lib/gcc/arm-linux-gnueabihf/4.6/libgcc.a(_ashrdi3.o)
                              drivers/mtd/nand/libnand.o (__aeabi_lasr)
/usr/lib/gcc/arm-linux-gnueabihf/4.6/libgcc.a(_ashldi3.o)
                              drivers/mmc/libmmc.o (__aeabi_llsl)
/usr/lib/gcc/arm-linux-gnueabihf/4.6/libgcc.a(_dvmd_lnx.o)
                              /usr/lib/gcc/arm-linux-gnueabihf/4.6/libgcc.a(_udivsi3.o) (__aeabi_idiv0)

Memory Configuration

Name             Origin             Length             Attributes
*default*        0x0000000000000000 0xffffffffffffffff

Linker script and memory map

                0x0000000000000000                . = 0x0
                0x0000000000000000                . = ALIGN (0x4)

.text           0x000000008f800000    0x6faa8
 arch/arm/cpu/armv7/start.o(.text)
 .text          0x000000008f800000      0x460 arch/arm/cpu/armv7/start.o
                0x000000008f800000                _start
                0x000000008f800040                _end_vect
                0x000000008f800040                _TEXT_BASE
                0x000000008f800044                _bss_start_ofs
                0x000000008f800048                _bss_end_ofs
                0x000000008f80004c                IRQ_STACK_START_IN
                0x000000008f80006c                relocate_code
 *(.text)
 .text          0x000000008f800460       0x84 arch/arm/cpu/armv7/libarmv7.o
                0x000000008f800460                cleanup_before_linux
                0x000000008f800484                sdelay
                0x000000008f800490                sr32
                0x000000008f8004b0                wait_on_value
 .text          0x000000008f8004e4      0x960 arch/arm/lib/libarm.o
                0x000000008f800554                coloured_LED_init
                0x000000008f800554                __coloured_LED_init
                0x000000008f800558                red_LED_on
                0x000000008f800558                __red_LED_on
                0x000000008f80055c                __red_LED_off
                0x000000008f80055c                red_LED_off
                0x000000008f800560                green_LED_on
                0x000000008f800560                __green_LED_on
                0x000000008f800564                __green_LED_off
                0x000000008f800564                green_LED_off
                0x000000008f800568                __yellow_LED_on
                0x000000008f800568                yellow_LED_on
                0x000000008f80056c                __yellow_LED_off
                0x000000008f80056c                yellow_LED_off
                0x000000008f800570                blue_LED_on
                0x000000008f800570                __blue_LED_on
                0x000000008f800574                blue_LED_off
                0x000000008f800574                __blue_LED_off
                0x000000008f800578                __dram_init_banksize
                0x000000008f800578                dram_init_banksize
                0x000000008f800594                board_init_r
                0x000000008f80073c                hang
                0x000000008f800750                board_init_f
                0x000000008f800860                arch_lmb_reserve
                0x000000008f800884                do_bootm_linux
                0x000000008f800a38                flush_cache
                0x000000008f800b60                icache_enable
                0x000000008f800b68                icache_disable
                0x000000008f800b70                icache_status
                0x000000008f800b7c                dcache_enable
                0x000000008f800b84                dcache_disable
                0x000000008f800b8c                dcache_status
                0x000000008f800b98                interrupt_init
                0x000000008f800bb4                enable_interrupts
                0x000000008f800bb8                disable_interrupts
                0x000000008f800bc0                bad_mode
                0x000000008f800bdc                show_regs
                0x000000008f800d1c                do_undefined_instruction
                0x000000008f800d40                do_software_interrupt
                0x000000008f800d64                do_prefetch_abort
                0x000000008f800d88                do_data_abort
                0x000000008f800dac                do_not_used
                0x000000008f800dd0                do_fiq
                0x000000008f800df4                do_irq
                0x000000008f800e18                do_reset
 .text          0x000000008f800e44     0xcf60 common/libcommon.o
                0x000000008f800e5c                do_bdinfo
                0x000000008f800f2c                do_go_exec
                0x000000008f800f44                do_go
                0x000000008f8010a8                do_bootd
                0x000000008f801194                do_iminfo
                0x000000008f801748                arch_preboot_os
                0x000000008f801748                __arch_preboot_os
                0x000000008f80174c                do_bootm_subcommand
                0x000000008f801990                do_bootm
                0x000000008f801c30                do_coninfo
                0x000000008f801ce8                do_echo
                0x000000008f801d68                do_ext4_load
                0x000000008f801d70                do_ext4_ls
                0x000000008f801d78                do_ext4_write
                0x000000008f801d80                do_fat_fsinfo
                0x000000008f801f94                do_fat_ls
                0x000000008f80209c                do_fat_fsload
                0x000000008f80221c                do_help
                0x000000008f8022d0                binary_test
                0x000000008f8024bc                do_itest
                0x000000008f8026a8                send_pad
                0x000000008f8026d4                ktrans
                0x000000008f8026f4                chk1
                0x000000008f80271c                s1_sendpacket
                0x000000008f802740                send_ack
                0x000000008f80279c                send_nack
                0x000000008f8027f8                k_data_init
                0x000000008f802818                k_data_save
                0x000000008f80283c                k_data_restore
                0x000000008f802860                k_data_char
                0x000000008f8028b0                handle_send_packet
                0x000000008f802a70                do_load_serial_bin
                0x000000008f802ec0                do_mem_base
                0x000000008f802f00                do_mem_mtest
                0x000000008f8030ac                do_mem_loop
                0x000000008f8031a0                do_mem_md
                0x000000008f803278                do_mem_crc
                0x000000008f80331c                do_mem_cp
                0x000000008f80340c                do_mem_cmp
                0x000000008f8035b4                do_mem_mw
                0x000000008f8037ac                do_mem_nm
                0x000000008f8037c4                do_mem_mm
                0x000000008f8037dc                do_sleep
                0x000000008f80385c                do_mmcinfo
                0x000000008f803990                do_mmcops
                0x000000008f8046e0                mtd_device_validate
                0x000000008f804710                device_find
                0x000000008f804c24                mtd_id_parse
                0x000000008f804d34                find_dev_and_part
                0x000000008f804eec                mtdparts_init
                0x000000008f8054d8                do_mtdparts
                0x000000008f805a5c                do_chpart
                0x000000008f805d78                do_nandboot
                0x000000008f806270                do_nand
                0x000000008f806f30                do_env_print
                0x000000008f806fb4                get_env_id
                0x000000008f806fc4                _do_env_set
                0x000000008f807304                do_env_set
                0x000000008f807320                setenv
                0x000000008f807574                envmatch
                0x000000008f8075d8                getenv_f
                0x000000008f807694                getenv
                0x000000008f8076ec                do_env_edit
                0x000000008f807750                source
                0x000000008f8078d0                do_source
                0x000000008f8087c0                do_ubifs_load
                0x000000008f808894                do_ubifs_ls
                0x000000008f8088f8                do_ubifs_mount
                0x000000008f808950                ubifs_is_mounted
                0x000000008f808960                cmd_ubifs_umount
                0x000000008f8089b4                do_ubifs_umount
                0x000000008f8089fc                do_version
                0x000000008f808a1c                do_imgextract
                0x000000008f808d04                do_ydump
                0x000000008f808d34                do_ymv
                0x000000008f808d4c                do_yrm
                0x000000008f808d60                do_yrmdir
                0x000000008f808d74                do_ymkdir
                0x000000008f808d88                do_ywrm
                0x000000008f808dd0                do_yrdm
                0x000000008f808dfc                do_ywr
                0x000000008f808e6c                do_yrd
                0x000000008f808ea0                do_yls
                0x000000008f808ec4                do_yumount
                0x000000008f808ed8                do_ymount
                0x000000008f808eec                do_yls_chk
                0x000000008f808f34                find_cmd_tbl
                0x000000008f808fd0                find_cmd
                0x000000008f808ff8                cmd_usage
                0x000000008f809054                _do_help
                0x000000008f8091d8                cmd_get_data_size
                0x000000008f8092cc                ram_puts
                0x000000008f809360                serial_printf
                0x000000008f8093ac                fgetc
                0x000000008f8093d8                ftstc
                0x000000008f809404                fputc
                0x000000008f80942c                fputs
                0x000000008f809454                fprintf
                0x000000008f8094a8                getc
                0x000000008f8094c0                tstc
                0x000000008f8094d8                putc
                0x000000008f809500                puts
                0x000000008f809540                printf
                0x000000008f80958c                vprintf
                0x000000008f8095c8                ctrlc
                0x000000008f809614                disable_ctrlc
                0x000000008f80962c                had_ctrlc
                0x000000008f80963c                clear_ctrlc
                0x000000008f809650                dbg
                0x000000008f80965c                search_device
                0x000000008f809684                console_assign
                0x000000008f8096c4                console_init_f
                0x000000008f8096f8                stdio_print_current_devices
                0x000000008f8097ac                console_init_r
                0x000000008f8098b8                sbrk
                0x000000008f809914                mem_malloc_init
                0x000000008f809938                malloc_trim
                0x000000008f809a08                free
                0x000000008f809c28                cfree
                0x000000008f809c2c                malloc
                0x000000008f80a1f8                calloc
                0x000000008f80a2cc                memalign
                0x000000008f80a3dc                pvalloc
                0x000000008f80a3f4                valloc
                0x000000008f80a400                realloc
                0x000000008f80a808                malloc_usable_size
                0x000000008f80a844                mallopt
                0x000000008f80a8b8                env_get_addr
                0x000000008f80a8dc                env_get_char_memory
                0x000000008f80a8ec                env_get_char
                0x000000008f80a91c                set_default_env
                0x000000008f80a9b4                env_import
                0x000000008f80aa7c                env_relocate
                0x000000008f80aa90                env_relocate_spec
                0x000000008f80aa94                env_get_char_spec
                0x000000008f80aaa0                env_init
                0x000000008f80aabc                get_version
                0x000000008f80aac4                jumptable_init
                0x000000008f80ac44                create_mtdpart_buffer
                0x000000008f80ad94                get_mtdparts
                0x000000008f80ada0                get_cal_enum_ms
                0x000000008f80ada8                get_cal_io_ms
                0x000000008f80adb0                get_bat_low_level
                0x000000008f80adb8                get_bat_low_level_chg
                0x000000008f80adc0                get_pwr_key_cnt
                0x000000008f80adc8                get_alarm_lead_set
                0x000000008f80ae04                image_check_hcrc
                0x000000008f80ae54                image_check_dcrc
                0x000000008f80ae90                image_multi_count
                0x000000008f80aeb4                image_multi_getimg
                0x000000008f80af38                getenv_yesno
                0x000000008f80af60                getenv_bootm_low
                0x000000008f80af90                getenv_bootm_size
                0x000000008f80afec                memmove_wd
                0x000000008f80b044                genimg_print_size
                0x000000008f80b074                get_table_entry_name
                0x000000008f80b0a0                genimg_get_os_name
                0x000000008f80b0b8                genimg_get_arch_name
                0x000000008f80b0d0                genimg_get_type_name
                0x000000008f80b0e8                genimg_get_comp_name
                0x000000008f80b100                image_print_contents
                0x000000008f80b278                get_table_entry_id
                0x000000008f80b2c4                genimg_get_os_id
                0x000000008f80b2dc                genimg_get_arch_id
                0x000000008f80b2f4                genimg_get_type_id
                0x000000008f80b30c                genimg_get_comp_id
                0x000000008f80b324                genimg_get_format
                0x000000008f80b338                genimg_get_image
                0x000000008f80b33c                genimg_has_config
                0x000000008f80b344                boot_get_ramdisk
                0x000000008f80b574                boot_ramdisk_high
                0x000000008f80b7e0                lcd_putc
                0x000000008f80b930                lcd_puts
                0x000000008f80b968                lcd_printf
                0x000000008f80b9ac                lcd_setmem
                0x000000008f80b9f0                lcd_setfgcolor
                0x000000008f80ba00                lcd_display_bitmap
                0x000000008f80bd78                drv_lcd_init
                0x000000008f80c024                __show_boot_progress
                0x000000008f80c024                show_boot_progress
                0x000000008f80c028                readline_into_buffer
                0x000000008f80c884                readline
                0x000000008f80c8a0                parse_line
                0x000000008f80c92c                run_command
                0x000000008f80ccfc                main_loop
                0x000000008f80ce88                do_run
                0x000000008f80cf04                get_ram_size
                0x000000008f80d078                srec_decode
                0x000000008f80d2d8                nulldev_putc
                0x000000008f80d2dc                nulldev_puts
                0x000000008f80d2e0                nulldev_input
                0x000000008f80d2e8                stdio_get_list
                0x000000008f80d2f4                stdio_get_by_name
                0x000000008f80d348                stdio_clone
                0x000000008f80d390                stdio_register
                0x000000008f80d3fc                stdio_init
                0x000000008f80d4fc                CYGACC_COMM_IF_GETC_TIMEOUT
                0x000000008f80d7e0                CYGACC_COMM_IF_PUTC
                0x000000008f80d7e8                parse_num
                0x000000008f80d904                xyzModem_stream_open
                0x000000008f80da50                xyzModem_stream_read
                0x000000008f80dca0                xyzModem_stream_close
                0x000000008f80dcf0                xyzModem_stream_terminate
                0x000000008f80dd84                xyzModem_error
 .text          0x000000008f80dda4     0x1e40 disk/libdisk.o
                0x000000008f80de68                get_dev
                0x000000008f80dec0                dev_print
                0x000000008f80e0d0                init_part
                0x000000008f80e104                get_partition_info
                0x000000008f80e140                get_partition_info_with_partnum
                0x000000008f80e194                get_all_partition_info
                0x000000008f80e1bc                get_partition_info_by_name
                0x000000008f80e1e4                print_part
                0x000000008f80e698                test_part_dos
                0x000000008f80e6ec                print_part_dos
                0x000000008f80e718                get_partition_info_dos
                0x000000008f80eb44                print_part_efi
                0x000000008f80ec74                get_partition_info_efi
                0x000000008f80edac                get_partition_info_by_name_efi
                0x000000008f80ef58                get_all_partition_info_efi
                0x000000008f80f104                get_partition_info_efi_with_partnum
                0x000000008f80f2ac                test_part_efi
                0x000000008f80f368                _gen_pmbr_part
                0x000000008f80f3cc                _gen_pmbr
                0x000000008f80f40c                _write_pmbr
                0x000000008f80f468                _gen_guid
                0x000000008f80f4bc                _gen_gpt_entry
                0x000000008f80f614                _parser_cfg
                0x000000008f80f684                _gen_gpt
                0x000000008f80f810                _gen_backup_gpt
                0x000000008f80f88c                _write_gpt
                0x000000008f80f940                _write_backup_gpt
                0x000000008f80fa2c                ueft_mount
                0x000000008f80fa34                ueft_unmount
                0x000000008f80fa3c                read_uefi_partition_table
                0x000000008f80fa44                write_uefi_partition_table
                0x000000008f80fae4                get_uefi_partition_info
                0x000000008f80faec                uefi_unit_test
                0x000000008f80faf4                _write_block
                0x000000008f80fb20                _read_block
                0x000000008f80fb4c                _get_device_info
                0x000000008f80fb68                _erase_block
                0x000000008f80fb8c                emmc_part_device_init
 .text          0x000000008f80fbe4     0x14d8 drivers/i2c/libi2c.o
                0x000000008f80fbe4                ms_delay
                0x000000008f80fbe8                CHIP_GetAPBClk
                0x000000008f80fbf4                I2C_Handler
                0x000000008f80fc2c                I2C_SetSCLclk
                0x000000008f80fc94                I2C_Init
                0x000000008f80fd08                I2C_GetSCLclk
                0x000000008f80fd38                I2C_WriteCmd
                0x000000008f80ff24                I2C_WriteData
                0x000000008f8100fc                I2C_ReadCmd
                0x000000008f8102ac                I2C_WriteCmdArr
                0x000000008f810574                I2C_ReadCmdArr
                0x000000008f810758                I2C_HAL_Open
                0x000000008f810840                I2C_HAL_Close
                0x000000008f8108b0                I2C_HAL_Read
                0x000000008f810a0c                I2C_HAL_Write
                0x000000008f810b40                I2C_HAL_Ioctl
 .text          0x000000008f8110bc     0x5524 drivers/mmc/libmmc.o
                0x000000008f8110c4                __board_mmc_getcd
                0x000000008f8110c4                board_mmc_getcd
                0x000000008f8110cc                mmc_send_cmd
                0x000000008f8110dc                mmc_set_blocklen
                0x000000008f811114                find_mmc_device
                0x000000008f8112e0                mmc_read_blocks
                0x000000008f811478                mmc_go_idle
                0x000000008f8114cc                sd_send_op_cond
                0x000000008f8115d0                mmc_send_op_cond
                0x000000008f811674                mmc_send_ext_csd
                0x000000008f8116c8                mmc_switch
                0x000000008f81170c                mmc_change_freq
                0x000000008f8117e4                sd_switch
                0x000000008f811854                sd_change_freq
                0x000000008f811a34                mmc_set_ios
                0x000000008f811a44                mmc_set_clock
                0x000000008f811a70                mmc_set_bus_width
                0x000000008f811a84                mmc_startup
                0x000000008f811ffc                mmc_send_if_cond
                0x000000008f812078                mmc_register
                0x000000008f812114                mmc_get_dev
                0x000000008f81213c                mmc_init
                0x000000008f8121cc                cpu_mmc_init
                0x000000008f8121d4                print_mmc_devices
                0x000000008f812238                mmc_initialize
                0x000000008f812284                mmc_legacy_init
                0x000000008f812300                mmc_sdcard_init
                0x000000008f812328                sdhci_dumpregs
                0x000000008f812494                mv_sdh_init
                0x000000008f812500                sdhci_set_ios
                0x000000008f812614                sdhci_init
                0x000000008f8127a0                sdhci_send_command
                0x000000008f812ba0                add_sdhci
                0x000000008f812df0                SDIO_Card_Pal_Open
                0x000000008f812e44                SDIO_Card_Pal_Pwr
                0x000000008f812f04                SDIO_Card_Pal_SetClk
                0x000000008f813004                SDIO_Card_Pal_SetBusWidth
                0x000000008f813038                SDIO_Card_Pal_SetSpeedMode
                0x000000008f8130a8                SDIO_Card_Pal_SetType
                0x000000008f8130b0                SDIO_Card_Pal_SendCmd
                0x000000008f8132fc                SDIO_Card_Pal_Close
                0x000000008f813324                SDIO_Card_Pal_DisSdClk
                0x000000008f813330                SDHOST_Delayus
                0x000000008f8133e0                SDHOST_GetPinState
                0x000000008f8133ec                SDHOST_Led
                0x000000008f81341c                SDHOST_Cfg_BusWidth
                0x000000008f813444                SDHOST_Cfg_SpeedMode
                0x000000008f8134b0                SDHOST_Cfg_Voltage
                0x000000008f8134b4                SDHOST_SD_POWER
                0x000000008f813518                SDHOST_BlkGapIntPosSet
                0x000000008f81351c                SDHOST_EnableReadWaitCtl
                0x000000008f813530                SDHOST_StopAtBlkGap
                0x000000008f813544                SDHOST_ClearBlkGap
                0x000000008f813558                SDHOST_BlkGapIntEn
                0x000000008f81356c                SDHOST_GetTransStat
                0x000000008f81357c                SDHOST_Continue
                0x000000008f81359c                SDHOST_internalClk_OnOff
                0x000000008f813610                SDHOST_SD_clk_OnOff
                0x000000008f81365c                SDHOST_SD_Clk_Freq_Set
                0x000000008f8136fc                SDHOST_SetDataTimeOutValue
                0x000000008f813750                SDHOST_RST
                0x000000008f813858                SDHOST_SetDataParam
                0x000000008f813950                SDHOST_GetDataParam
                0x000000008f81397c                SDHOST_SetDmaAddr
                0x000000008f813988                SDHOST_GetDmaAddr
                0x000000008f813994                SDHOST_SetCmdArg
                0x000000008f8139a0                SDHOST_SetCmd
                0x000000008f813b14                SDHOST_GetRspFromBuf
                0x000000008f813c3c                SDHOST_NML_IntStatus_Clr
                0x000000008f813cf0                SDHOST_NML_IntStatus_En
                0x000000008f813e5c                SDHOST_NML_IntStatus_Dis
                0x000000008f813f2c                SDHOST_NML_IntSig_En
                0x000000008f814090                SDHOST_NML_IntSig_Dis
                0x000000008f81415c                SDHOST_GetNMLIntStatus
                0x000000008f8141e8                SDHOST_GetErrCode
                0x000000008f814274                SDHOST_SetErrCodeFilter
                0x000000008f81427c                _SDHOST_IrqHandle
                0x000000008f81433c                SDHOST_UnRegister
                0x000000008f814384                SDHOST_BaseClk_Set
                0x000000008f814480                SDHOST_Register
                0x000000008f8145f0                SDHOST_Slot_select
                0x000000008f81485c                CARD_SDIO_Open
                0x000000008f8148bc                CARD_SDIO_Close
                0x000000008f8148d8                CARD_SDIO_PwrCtl
                0x000000008f8148f0                SDCARD_SDIO_ReadCSD
                0x000000008f814b84                CARD_SDIO_ReadCID
                0x000000008f814c4c                CARD_SDIO_Select_CurPartition
                0x000000008f814ca4                CARD_SDIO_SetBlockLength
                0x000000008f814d18                CARD_SDIO_InitCard
                0x000000008f815148                SDSetBusWidth
                0x000000008f8151f8                SDCARD_SDIO_InitCard
                0x000000008f8156b8                CARD_SDIO_ReadSingleBlock
                0x000000008f81573c                CARD_SDIO_ReadMultiBlock
                0x000000008f8157f4                CARD_SDIO_WriteSingleBlock
                0x000000008f81587c                CARD_SDIO_WriteMultiBlock
                0x000000008f815934                CARD_SDIO_Erase
                0x000000008f815a40                CARD_SDIO_GetCapacity
                0x000000008f815a60                CARD_SDIO_BOOT_Enable
                0x000000008f815a68                Emmc_Init
                0x000000008f815a9c                SDCARD_Write
                0x000000008f815b50                SDCARD_Read
                0x000000008f815bf4                SDCARD_Init
                0x000000008f815c40                Emmc_Write
                0x000000008f815d14                Emmc_Read
                0x000000008f815de8                Emmc_Erase
                0x000000008f815ebc                Emmc_GetCapacity
                0x000000008f815f20                Emmc_DisSdClk
                0x000000008f815fc0                process_raw_chunk
                0x000000008f816094                process_fill_chunk
                0x000000008f81615c                process_skip_chunk
                0x000000008f81617c                process_crc32_chunk
                0x000000008f8161dc                write_simg2emmc
                0x000000008f8165ac                sparse_crc32
 .text          0x000000008f8165e0     0x10d0 drivers/mtd/libmtd.o
                0x000000008f8165e0                add_mtd_device
                0x000000008f816650                del_mtd_device
                0x000000008f8166a0                get_mtd_device
                0x000000008f81671c                get_mtd_device_nm
                0x000000008f816790                put_mtd_device
                0x000000008f816d8c                mtd_erase_callback
                0x000000008f816dfc                del_mtd_partitions
                0x000000008f816e84                add_mtd_partitions
                0x000000008f8174d4                sprd_nand_write_spl
 .text          0x000000008f8176b0     0x74cc drivers/mtd/nand/libnand.o
                0x000000008f8176b0                nand_init
                0x000000008f8191a8                nand_wait_ready
                0x000000008f819448                nand_do_read_ops
                0x000000008f819b88                nand_do_write_ops
                0x000000008f819ec8                nand_do_write_oob
                0x000000008f81a204                nand_erase_nand
                0x000000008f81a59c                nand_scan_ident
                0x000000008f81aba0                nand_scan_tail
                0x000000008f81b0f4                nand_scan
                0x000000008f81b114                nand_release
                0x000000008f81c06c                nand_update_bbt
                0x000000008f81c328                nand_scan_bbt
                0x000000008f81c7d4                nand_default_bbt
                0x000000008f81c888                nand_isbad_bbt
                0x000000008f81c8dc                nand_calculate_ecc
                0x000000008f81c9cc                nand_correct_data
                0x000000008f81cb80                nand_erase_opts
                0x000000008f81cea8                nand_write_skip_bad
                0x000000008f81d06c                nand_read_skip_bad
                0x000000008f81d24c                nand_read_offset_ret
                0x000000008f81e190                SprdGetNandParam
                0x000000008f81e420                ecc_mode_convert
                0x000000008f81e440                nand_hardware_config
                0x000000008f81e76c                sprd_ecc_ctrl
                0x000000008f81e7e8                sprd_ecc_encode
                0x000000008f81e8a8                board_nand_init
                0x000000008f81ea28                McuReadNandType
                0x000000008f81ea2c                nand_scan_patition
                0x000000008f81eb44                nand_scan_block
 .text          0x000000008f81eb7c     0x81e8 drivers/mtd/ubi/libubi.o
                0x000000008f81ec58                ubi_get_device
                0x000000008f81ec78                ubi_put_device
                0x000000008f81ec88                ubi_get_by_major
                0x000000008f81ecd4                ubi_major2num
                0x000000008f81ed18                ubi_autoresize
                0x000000008f81ed1c                ubi_attach_mtd_dev
                0x000000008f81f3e0                ubi_detach_mtd_dev
                0x000000008f81f4d8                ubi_init
                0x000000008f81f638                ubi_exit
                0x000000008f81f67c                ubi_mtd_param_parse
                0x000000008f81fe58                ubi_change_vtbl_record
                0x000000008f81ff24                ubi_read_volume_table
                0x000000008f82074c                ubi_create_volume
                0x000000008f820c24                ubi_remove_volume
                0x000000008f820d54                ubi_resize_volume
                0x000000008f820fd0                ubi_add_volume
                0x000000008f82102c                ubi_free_volume
                0x000000008f8211fc                ubi_start_update
                0x000000008f821380                ubi_start_leb_change
                0x000000008f821464                ubi_more_update_data
                0x000000008f8216d0                ubi_more_leb_change_data
                0x000000008f8217fc                ubi_get_device_info
                0x000000008f821858                ubi_get_volume_info
                0x000000008f8218cc                ubi_close_volume
                0x000000008f821930                ubi_open_volume
                0x000000008f821ac8                ubi_open_volume_nm
                0x000000008f821ba0                ubi_leb_read
                0x000000008f821cd0                ubi_leb_write
                0x000000008f821dc8                ubi_leb_change
                0x000000008f821ea8                ubi_leb_erase
                0x000000008f821f2c                ubi_leb_unmap
                0x000000008f821f98                ubi_leb_map
                0x000000008f82203c                ubi_is_mapped
                0x000000008f8222ac                ubi_eba_unmap_leb
                0x000000008f82232c                ubi_eba_read_leb
                0x000000008f822578                ubi_eba_write_leb
                0x000000008f822b78                ubi_eba_write_leb_st
                0x000000008f822f08                ubi_eba_atomic_leb_change
                0x000000008f8232a4                ubi_eba_copy_leb
                0x000000008f823640                ubi_eba_init_scan
                0x000000008f823880                ubi_eba_close
                0x000000008f8239a0                ubi_io_read
                0x000000008f823aa0                ubi_io_write
                0x000000008f823b40                ubi_io_sync_erase
                0x000000008f823d14                ubi_io_is_bad
                0x000000008f823d6c                ubi_io_mark_bad
                0x000000008f823de8                ubi_io_read_ec_hdr
                0x000000008f8240b8                ubi_io_write_ec_hdr
                0x000000008f824188                ubi_io_read_vid_hdr
                0x000000008f824530                ubi_io_write_vid_hdr
                0x000000008f825078                ubi_wl_get_peb
                0x000000008f8251f8                ubi_wl_put_peb
                0x000000008f8252e4                ubi_wl_scrub_peb
                0x000000008f8253bc                ubi_wl_flush
                0x000000008f825408                ubi_thread
                0x000000008f8254b0                ubi_wl_init_scan
                0x000000008f82577c                ubi_wl_close
                0x000000008f825a14                ubi_scan_add_used
                0x000000008f826158                ubi_scan_find_sv
                0x000000008f826188                ubi_scan_find_seb
                0x000000008f8261b8                ubi_scan_rm_volume
                0x000000008f826220                ubi_scan_erase_peb
                0x000000008f8262ec                ubi_scan_get_free_peb
                0x000000008f8263bc                ubi_scan_destroy_si
                0x000000008f826568                ubi_scan
                0x000000008f826b78                crc32_le
                0x000000008f826c5c                ubi_calc_data_len
                0x000000008f826c8c                ubi_check_volume
                0x000000008f826d3c                ubi_calculate_reserved
 .text          0x000000008f826d64        0x0 drivers/pcmcia/libpcmcia.o
 .text          0x000000008f826d64        0x0 drivers/rtc/librtc.o
 .text          0x000000008f826d64      0x2dc drivers/serial/libserial.o
                0x000000008f826f50                serial_setbrg
                0x000000008f826f64                serial_getc
                0x000000008f826f78                serial_putc
                0x000000008f826fb8                serial_tstc
                0x000000008f826fdc                serial_puts
                0x000000008f827010                serial_init
 .text          0x000000008f827040     0x1ddc drivers/sound/codec/libcodec.o
                0x000000008f8282b8                sprd_codec_digital_loop
                0x000000008f828314                sprd_inter_speaker_pa
                0x000000008f828440                sprd_inter_headphone_pa
                0x000000008f82856c                sprd_codec_mic_bias_control
                0x000000008f8285bc                sprd_codec_auxmic_bias_control
                0x000000008f82860c                sprd_codec_headmic_bias_control
                0x000000008f82865c                dacl_digital_switch
                0x000000008f8286dc                dacr_digital_switch
                0x000000008f82875c                hp_switch
                0x000000008f8287f8                spkl_switch
                0x000000008f82885c                spkr_switch
                0x000000008f8288c0                ear_switch
                0x000000008f828914                adcl_digital_switch
                0x000000008f828994                adcr_digital_switch
                0x000000008f828a14                adcl_switch
                0x000000008f828a50                adcr_switch
                0x000000008f828a8c                pga_enable
                0x000000008f828b60                mic_bias_enable
                0x000000008f828c20                mixer_enable
                0x000000008f828c94                mixer_get
                0x000000008f828cac                mixer_set
                0x000000008f828d2c                sprd_codec_pcm_set_sample_rate
                0x000000008f828da8                sprd_codec_init
                0x000000008f828e18                sprd_codec_exit
 .text          0x000000008f828e1c      0x9e8 drivers/sound/dai/libdai.o
                0x000000008f829474                vbc_adc_sel_iis
                0x000000008f829494                vbc_adc23_sel_iis
                0x000000008f8294b4                vbc_dac0_fm_mixer
                0x000000008f8294d4                vbc_dac1_fm_mixer
                0x000000008f8294f4                vbc_startup
                0x000000008f829664                vbc_shutdown
                0x000000008f829728                vbc_trigger
                0x000000008f8297dc                vbc_init
                0x000000008f829800                vbc_exit
 .text          0x000000008f829804      0xbb8 drivers/sound/libsound.o
                0x000000008f829804                snd_reg_read
                0x000000008f829828                do_reg_read
                0x000000008f829900                snd_reg_write
                0x000000008f82994c                do_reg_write
                0x000000008f8299e4                snd_reg_wirte_f
                0x000000008f8299ec                sound_init
                0x000000008f82a038                do_audio_iis_fm
                0x000000008f82a2d0                do_audio_codec
                0x000000008f82a3b4                do_func
 .text          0x000000008f82a3bc      0x308 drivers/spi/libspi.o
                0x000000008f82a3bc                SPI_Enable
                0x000000008f82a3c0                SPI_Reset
                0x000000008f82a3c4                SPI_ClkSetting
                0x000000008f82a3c8                SPI_SetCsLow
                0x000000008f82a3fc                SPI_SetCd
                0x000000008f82a41c                SPI_SetSpiMode
                0x000000008f82a438                SPI_SetDatawidth
                0x000000008f82a464                SPI_SetTxLen
                0x000000008f82a4b0                SPI_SetRxLen
                0x000000008f82a524                SPI_TxReq
                0x000000008f82a53c                SPI_RxReq
                0x000000008f82a554                SPI_EnableDMA
                0x000000008f82a58c                SPI_Init
                0x000000008f82a5e8                SPI_WaitTxFinish
                0x000000008f82a61c                SPI_WriteData
                0x000000008f82a648                SPI_ReadData
 .text          0x000000008f82a6c4     0xa0c0 drivers/usb/gadget/dwc_otg/libdwc_otg.o
                0x000000008f82a6c4                dwc_otg_driver_init
                0x000000008f82a8b0                dwc_otg_driver_cleanup
                0x000000008f82abc8                usb_in_cal
                0x000000008f82abe4                dwc_otg_cil_remove
                0x000000008f82ac4c                dwc_otg_enable_global_interrupts
                0x000000008f82ac60                dwc_otg_disable_global_interrupts
                0x000000008f82ac74                dwc_otg_enable_device_interrupts
                0x000000008f82acd0                dwc_otg_enable_host_interrupts
                0x000000008f82ad18                dwc_otg_disable_host_interrupts
                0x000000008f82ad30                dwc_otg_hc_init
                0x000000008f82af38                dwc_otg_hc_halt
                0x000000008f82b04c                dwc_otg_hc_cleanup
                0x000000008f82b084                dwc_otg_hc_do_ping
                0x000000008f82b0c4                dwc_otg_hc_write_packet
                0x000000008f82b180                dwc_otg_hc_continue_transfer
                0x000000008f82b278                dwc_otg_hc_start_transfer
                0x000000008f82b594                dwc_otg_get_frame_number
                0x000000008f82b5b0                dwc_otg_read_setup_packet
                0x000000008f82b5d8                dwc_otg_ep0_activate
                0x000000008f82b64c                dwc_otg_ep_activate
                0x000000008f82b760                dwc_otg_ep_deactivate
                0x000000008f82b82c                dwc_otg_ep_start_transfer
                0x000000008f82bb04                dwc_otg_ep_start_zl_transfer
                0x000000008f82bc80                dwc_otg_ep0_start_transfer
                0x000000008f82bf1c                dwc_otg_ep0_continue_transfer
                0x000000008f82c1c4                dwc_otg_ep_write_packet
                0x000000008f82c298                dwc_otg_ep_set_stall
                0x000000008f82c300                dwc_otg_ep_clear_stall
                0x000000008f82c358                dwc_otg_read_packet
                0x000000008f82c390                dwc_otg_dump_dev_registers
                0x000000008f82c394                dwc_otg_dump_spram
                0x000000008f82c398                dwc_otg_dump_host_registers
                0x000000008f82c39c                dwc_otg_dump_global_registers
                0x000000008f82c3a0                dwc_otg_flush_tx_fifo
                0x000000008f82c454                dwc_otg_flush_rx_fifo
                0x000000008f82c4ec                dwc_otg_core_host_init
                0x000000008f82c708                dwc_otg_core_dev_init
                0x000000008f82cb58                dwc_otg_core_reset
                0x000000008f82cc4c                dwc_otg_is_device_mode
                0x000000008f82cc6c                dwc_otg_is_host_mode
                0x000000008f82cc84                dwc_otg_core_init
                0x000000008f82d0cc                dwc_otg_cil_register_hcd_callbacks
                0x000000008f82d0d8                dwc_otg_cil_register_pcd_callbacks
                0x000000008f82d0e4                dwc_otg_is_dma_enable
                0x000000008f82d0ec                dwc_otg_set_param_otg_cap
                0x000000008f82d204                dwc_otg_get_param_otg_cap
                0x000000008f82d210                dwc_otg_set_param_opt
                0x000000008f82d254                dwc_otg_get_param_opt
                0x000000008f82d260                dwc_otg_get_param_dma_enable
                0x000000008f82d26c                dwc_otg_set_param_dma_desc_enable
                0x000000008f82d338                dwc_otg_set_param_dma_enable
                0x000000008f82d3ec                dwc_otg_get_param_dma_desc_enable
                0x000000008f82d3f8                dwc_otg_set_param_host_support_fs_ls_low_power
                0x000000008f82d458                dwc_otg_get_param_host_support_fs_ls_low_power
                0x000000008f82d464                dwc_otg_set_param_enable_dynamic_fifo
                0x000000008f82d524                dwc_otg_get_param_enable_dynamic_fifo
                0x000000008f82d530                dwc_otg_set_param_data_fifo_size
                0x000000008f82d5e4                dwc_otg_get_param_data_fifo_size
                0x000000008f82d5f0                dwc_otg_set_param_dev_rx_fifo_size
                0x000000008f82d6b8                dwc_otg_get_param_dev_rx_fifo_size
                0x000000008f82d6c4                dwc_otg_set_param_dev_nperio_tx_fifo_size
                0x000000008f82d78c                dwc_otg_get_param_dev_nperio_tx_fifo_size
                0x000000008f82d798                dwc_otg_set_param_host_rx_fifo_size
                0x000000008f82d860                dwc_otg_get_param_host_rx_fifo_size
                0x000000008f82d86c                dwc_otg_set_param_host_nperio_tx_fifo_size
                0x000000008f82d934                dwc_otg_get_param_host_nperio_tx_fifo_size
                0x000000008f82d940                dwc_otg_set_param_host_perio_tx_fifo_size
                0x000000008f82da08                dwc_otg_get_param_host_perio_tx_fifo_size
                0x000000008f82da14                dwc_otg_set_param_max_transfer_size
                0x000000008f82daec                dwc_otg_get_param_max_transfer_size
                0x000000008f82daf8                dwc_otg_set_param_max_packet_count
                0x000000008f82dbc4                dwc_otg_get_param_max_packet_count
                0x000000008f82dbd0                dwc_otg_set_param_host_channels
                0x000000008f82dc90                dwc_otg_get_param_host_channels
                0x000000008f82dc9c                dwc_otg_set_param_dev_endpoints
                0x000000008f82dd54                dwc_otg_get_param_dev_endpoints
                0x000000008f82dd60                dwc_otg_set_param_phy_type
                0x000000008f82de80                dwc_otg_get_param_phy_type
                0x000000008f82de8c                dwc_otg_set_param_speed
                0x000000008f82df50                dwc_otg_get_param_speed
                0x000000008f82df5c                dwc_otg_set_param_host_ls_low_power_phy_clk
                0x000000008f82e020                dwc_otg_get_param_host_ls_low_power_phy_clk
                0x000000008f82e02c                dwc_otg_set_param_phy_ulpi_ddr
                0x000000008f82e08c                dwc_otg_get_param_phy_ulpi_ddr
                0x000000008f82e098                dwc_otg_set_param_phy_ulpi_ext_vbus
                0x000000008f82e0f8                dwc_otg_get_param_phy_ulpi_ext_vbus
                0x000000008f82e104                dwc_otg_set_param_phy_utmi_width
                0x000000008f82e170                dwc_otg_get_param_phy_utmi_width
                0x000000008f82e17c                dwc_otg_set_param_ulpi_fs_ls
                0x000000008f82e1dc                dwc_otg_get_param_ulpi_fs_ls
                0x000000008f82e1e8                dwc_otg_set_param_ts_dline
                0x000000008f82e248                dwc_otg_get_param_ts_dline
                0x000000008f82e254                dwc_otg_set_param_i2c_enable
                0x000000008f82e30c                dwc_otg_get_param_i2c_enable
                0x000000008f82e318                dwc_otg_set_param_dev_perio_tx_fifo_size
                0x000000008f82e3f4                dwc_otg_get_param_dev_perio_tx_fifo_size
                0x000000008f82e404                dwc_otg_set_param_en_multiple_tx_fifo
                0x000000008f82e4c4                dwc_otg_get_param_en_multiple_tx_fifo
                0x000000008f82e4d0                dwc_otg_set_param_dev_tx_fifo_size
                0x000000008f82e5ac                dwc_otg_get_param_dev_tx_fifo_size
                0x000000008f82e5bc                dwc_otg_set_param_thr_ctl
                0x000000008f82e688                dwc_otg_get_param_thr_ctl
                0x000000008f82e694                dwc_otg_set_param_lpm_enable
                0x000000008f82e758                dwc_otg_get_param_lpm_enable
                0x000000008f82e764                dwc_otg_set_param_tx_thr_length
                0x000000008f82e7c8                dwc_otg_get_param_tx_thr_length
                0x000000008f82e7d4                dwc_otg_set_param_rx_thr_length
                0x000000008f82e838                dwc_otg_get_param_rx_thr_length
                0x000000008f82e844                dwc_otg_set_param_dma_burst_size
                0x000000008f82e8b8                dwc_otg_get_param_dma_burst_size
                0x000000008f82e8c4                dwc_otg_set_param_pti_enable
                0x000000008f82e974                dwc_otg_get_param_pti_enable
                0x000000008f82e980                dwc_otg_set_param_mpi_enable
                0x000000008f82ea2c                dwc_otg_get_param_mpi_enable
                0x000000008f82ea38                dwc_otg_set_param_ic_usb_cap
                0x000000008f82eb00                dwc_otg_get_param_ic_usb_cap
                0x000000008f82eb0c                dwc_otg_set_param_ahb_thr_ratio
                0x000000008f82ebf8                dwc_otg_cil_init
                0x000000008f82efb0                dwc_otg_get_param_ahb_thr_ratio
                0x000000008f82efbc                dwc_otg_get_hnpstatus
                0x000000008f82efd0                dwc_otg_get_srpstatus
                0x000000008f82efe4                dwc_otg_set_hnpreq
                0x000000008f82f010                dwc_otg_get_gsnpsid
                0x000000008f82f018                dwc_otg_get_mode
                0x000000008f82f02c                dwc_otg_get_hnpcapable
                0x000000008f82f044                dwc_otg_set_hnpcapable
                0x000000008f82f078                dwc_otg_get_srpcapable
                0x000000008f82f090                dwc_otg_set_srpcapable
                0x000000008f82f0c4                dwc_otg_get_devspeed
                0x000000008f82f0dc                dwc_otg_set_devspeed
                0x000000008f82f110                dwc_otg_get_busconnected
                0x000000008f82f128                dwc_otg_get_enumspeed
                0x000000008f82f144                dwc_otg_get_prtpower
                0x000000008f82f15c                dwc_otg_set_prtpower
                0x000000008f82f188                dwc_otg_get_prtsuspend
                0x000000008f82f1a0                dwc_otg_set_prtsuspend
                0x000000008f82f1cc                dwc_otg_set_prtresume
                0x000000008f82f1f8                dwc_otg_get_remotewakesig
                0x000000008f82f214                dwc_otg_get_lpm_portsleepstatus
                0x000000008f82f22c                dwc_otg_get_lpm_remotewakeenabled
                0x000000008f82f244                dwc_otg_get_lpmresponse
                0x000000008f82f25c                dwc_otg_set_lpmresponse
                0x000000008f82f290                dwc_otg_get_hsic_connect
                0x000000008f82f2a8                dwc_otg_set_hsic_connect
                0x000000008f82f2dc                dwc_otg_get_inv_sel_hsic
                0x000000008f82f2f4                dwc_otg_set_inv_sel_hsic
                0x000000008f82f328                dwc_otg_get_gotgctl
                0x000000008f82f330                dwc_otg_set_gotgctl
                0x000000008f82f338                dwc_otg_get_gusbcfg
                0x000000008f82f344                dwc_otg_set_gusbcfg
                0x000000008f82f350                dwc_otg_get_grxfsiz
                0x000000008f82f35c                dwc_otg_set_grxfsiz
                0x000000008f82f368                dwc_otg_get_gnptxfsiz
                0x000000008f82f374                dwc_otg_set_gnptxfsiz
                0x000000008f82f380                dwc_otg_get_gpvndctl
                0x000000008f82f38c                dwc_otg_set_gpvndctl
                0x000000008f82f398                dwc_otg_get_ggpio
                0x000000008f82f3a4                dwc_otg_set_ggpio
                0x000000008f82f3b0                dwc_otg_get_hprt0
                0x000000008f82f3bc                dwc_otg_set_hprt0
                0x000000008f82f3c8                dwc_otg_get_guid
                0x000000008f82f3d4                dwc_otg_set_guid
                0x000000008f82f3e0                dwc_otg_get_hptxfsiz
                0x000000008f82f48c                dwc_otg_handle_mode_mismatch_intr
                0x000000008f82f50c                dwc_otg_handle_otg_intr
                0x000000008f82f74c                w_conn_id_status_change
                0x000000008f82f7f4                dwc_otg_handle_conn_id_status_change_intr
                0x000000008f82f828                dwc_otg_handle_session_req_intr
                0x000000008f82f8a4                w_wakeup_detected
                0x000000008f82f8f8                dwc_otg_handle_wakeup_detected_intr
                0x000000008f82f9c0                dwc_otg_handle_disconnect_intr
                0x000000008f82fa5c                dwc_otg_handle_usb_suspend_intr
                0x000000008f82fae8                dwc_otg_handle_common_intr
                0x000000008f83033c                udc_power_on
                0x000000008f83042c                udc_power_off
                0x000000008f830448                gadget_add_eps
                0x000000008f830580                pcd_init
                0x000000008f830664                usb_gadget_register_driver
                0x000000008f830718                usb_gadget_unregister_driver
                0x000000008f830770                pcd_remove
                0x000000008f8307d4                usb_gadget_handle_interrupts
                0x000000008f83093c                dwc_otg_request_done
                0x000000008f830a00                dwc_otg_request_nuke
                0x000000008f830a3c                dwc_otg_pcd_start
                0x000000008f830a44                dwc_otg_ep_alloc_desc_chain
                0x000000008f830a54                dwc_otg_ep_free_desc_chain
                0x000000008f830a6c                dwc_otg_pcd_init
                0x000000008f830f20                dwc_otg_pcd_remove
                0x000000008f830fec                dwc_otg_pcd_is_dualspeed
                0x000000008f83102c                dwc_otg_pcd_is_otg
                0x000000008f831054                dwc_otg_pcd_ep_enable
                0x000000008f831250                dwc_otg_pcd_ep_disable
                0x000000008f831358                dwc_otg_pcd_ep_queue
                0x000000008f83171c                dwc_otg_pcd_ep_dequeue
                0x000000008f83180c                dwc_otg_pcd_ep_halt
                0x000000008f8319e8                dwc_otg_pcd_rem_wkup_from_suspend
                0x000000008f831a88                dwc_otg_pcd_remote_wakeup
                0x000000008f831ab4                dwc_otg_pcd_start_srp_timer
                0x000000008f831acc                dwc_otg_pcd_initiate_srp
                0x000000008f831b4c                dwc_otg_pcd_wakeup
                0x000000008f831bc8                dwc_otg_pcd_get_frame_number
                0x000000008f831bd0                dwc_otg_pcd_is_lpm_enabled
                0x000000008f831be0                get_b_hnp_enable
                0x000000008f831bec                get_a_hnp_support
                0x000000008f831bf8                get_a_alt_hnp_support
                0x000000008f831c04                dwc_otg_pcd_get_rmwkup_enable
                0x000000008f8321a8                get_ep_by_addr
                0x000000008f832800                start_next_request
                0x000000008f833758                dwc_otg_pcd_handle_sof_intr
                0x000000008f833778                dwc_otg_pcd_handle_rx_status_q_level_intr
                0x000000008f8338a8                dwc_otg_pcd_handle_np_tx_fifo_empty_intr
                0x000000008f833aa8                dwc_otg_pcd_stop
                0x000000008f833ba8                dwc_otg_pcd_handle_i2c_intr
                0x000000008f833be8                dwc_otg_pcd_handle_early_suspend_intr
                0x000000008f833c08                dwc_otg_pcd_handle_usb_reset_intr
                0x000000008f833e00                dwc_otg_pcd_handle_enum_done_intr
                0x000000008f833f4c                dwc_otg_pcd_handle_isoc_out_packet_dropped_intr
                0x000000008f833f8c                dwc_otg_pcd_handle_end_periodic_frame_intr
                0x000000008f833fcc                dwc_otg_pcd_handle_ep_mismatch_intr
                0x000000008f833fe8                do_test_mode
                0x000000008f834068                dwc_otg_pcd_handle_incomplete_isoc_in_intr
                0x000000008f8340a8                dwc_otg_pcd_handle_incomplete_isoc_out_intr
                0x000000008f8340e8                dwc_otg_pcd_handle_in_nak_effective
                0x000000008f834170                dwc_otg_pcd_handle_out_nak_effective
                0x000000008f8341b0                dwc_otg_pcd_handle_intr
                0x000000008f83446c                DWC_MEMSET
                0x000000008f834470                DWC_MEMCPY
                0x000000008f834474                DWC_MEMMOVE
                0x000000008f834478                DWC_MEMCMP
                0x000000008f83447c                DWC_STRNCMP
                0x000000008f834480                DWC_STRCMP
                0x000000008f834484                DWC_STRLEN
                0x000000008f834488                DWC_STRCPY
                0x000000008f83448c                DWC_ATOI
                0x000000008f8344bc                DWC_ATOUI
                0x000000008f8344ec                DWC_IN_IRQ
                0x000000008f8344f4                DWC_VPRINTF
                0x000000008f8344f8                DWC_VSNPRINTF
                0x000000008f834510                DWC_PRINTF
                0x000000008f834534                DWC_SPRINTF
                0x000000008f834558                DWC_SNPRINTF
                0x000000008f83457c                __DWC_WARN
                0x000000008f8345a0                __DWC_ERROR
                0x000000008f8345c4                DWC_EXCEPTION
                0x000000008f834614                __DWC_DMA_ALLOC
                0x000000008f83461c                __DWC_DMA_FREE
                0x000000008f834620                __DWC_ALLOC
                0x000000008f834648                DWC_STRDUP
                0x000000008f83467c                __DWC_ALLOC_ATOMIC
                0x000000008f834680                __DWC_FREE
                0x000000008f834684                DWC_READ_REG32
                0x000000008f83468c                DWC_WRITE_REG32
                0x000000008f834694                DWC_MODIFY_REG32
                0x000000008f8346a8                DWC_WORKQ_WAIT_WORK_DONE
                0x000000008f8346b0                DWC_WORKQ_ALLOC
                0x000000008f8346b8                DWC_WORKQ_FREE
                0x000000008f8346bc                DWC_WORKQ_SCHEDULE
                0x000000008f8346c8                DWC_WORKQ_SCHEDULE_DELAYED
                0x000000008f8346cc                DWC_WORKQ_PENDING
                0x000000008f8346d4                DWC_SPINLOCK_ALLOC
                0x000000008f8346dc                DWC_SPINLOCK_FREE
                0x000000008f8346e0                DWC_SPINLOCK
                0x000000008f8346e4                DWC_SPINUNLOCK
                0x000000008f8346e8                DWC_SPINLOCK_IRQSAVE
                0x000000008f8346fc                DWC_SPINUNLOCK_IRQRESTORE
                0x000000008f834704                DWC_MUTEX_ALLOC
                0x000000008f83470c                DWC_MUTEX_FREE
                0x000000008f834710                DWC_MUTEX_LOCK
                0x000000008f834714                DWC_MUTEX_TRYLOCK
                0x000000008f83471c                DWC_MUTEX_UNLOCK
                0x000000008f834720                DWC_TIMER_ALLOC
                0x000000008f834728                DWC_TIMER_FREE
                0x000000008f83472c                DWC_TIMER_SCHEDULE
                0x000000008f834730                DWC_TIMER_CANCEL
                0x000000008f834734                DWC_TASK_ALLOC
                0x000000008f83473c                DWC_TASK_FREE
                0x000000008f834740                DWC_TASK_SCHEDULE
                0x000000008f834744                DWC_UDELAY
                0x000000008f834748                DWC_MDELAY
                0x000000008f834754                DWC_MSLEEP
                0x000000008f834758                DWC_TIME
                0x000000008f834760                DWC_WAITQ_ALLOC
                0x000000008f834768                DWC_WAITQ_FREE
                0x000000008f83476c                DWC_WAITQ_WAIT
                0x000000008f834774                DWC_WAITQ_WAIT_TIMEOUT
                0x000000008f83477c                DWC_WAITQ_TRIGGER
                0x000000008f834780                DWC_WAITQ_ABORT
 .text          0x000000008f834784     0x4a6c drivers/usb/gadget/libusb_gadget.o
                0x000000008f834c18                strlcpy
                0x000000008f834e58                usb_fastboot_initialize
                0x000000008f83506c                do_fastboot
                0x000000008f8351d0                get_end_write_pos
                0x000000008f8351e0                set_current_write_pos
                0x000000008f8351f0                move2goodblk
                0x000000008f8351f4                fastboot_register
                0x000000008f83523c                fastboot_publish
                0x000000008f835270                fastboot_ack
                0x000000008f835300                fastboot_fail
                0x000000008f835310                fastboot_okay
                0x000000008f83548c                cmd_powerdown
                0x000000008f8354a8                cmd_reboot_bootloader
                0x000000008f8354cc                cmd_reboot
                0x000000008f8354ec                cmd_continue
                0x000000008f835508                cmd_boot
                0x000000008f8356ec                cmd_erase
                0x000000008f83580c                fastboot_eMMCCheckSum
                0x000000008f835858                fastboot_splFillCheckData
                0x000000008f83588c                cmd_flash
                0x000000008f835c80                fastboot_init
                0x000000008f835eb4                usb_ep_autoconfig
                0x000000008f8360d8                usb_ep_autoconfig_reset
                0x000000008f836114                usb_descriptor_fillbuf
                0x000000008f836174                usb_gadget_config_buf
                0x000000008f836208                usb_copy_descriptors
                0x000000008f83628c                usb_find_endpoint
                0x000000008f8362b8                usb_gadget_get_string
                0x000000008f837a10                usb_function_set_enabled
                0x000000008f837a20                usb_composite_force_reset
                0x000000008f837a8c                usb_add_function
                0x000000008f837b68                usb_function_deactivate
                0x000000008f837d44                usb_function_activate
                0x000000008f837dac                usb_interface_id
                0x000000008f837dd0                usb_add_config
                0x000000008f837e8c                usb_string_id
                0x000000008f837eac                usb_composite_register
                0x000000008f837f2c                usb_composite_unregister
                0x000000008f837f4c                calibration_reset_composite
                0x000000008f837f60                acm_bind_config
                0x000000008f838070                obex_bind_config
                0x000000008f838178                gser_bind_config
                0x000000008f83828c                gs_alloc_req
                0x000000008f838380                gs_free_req
                0x000000008f8386f0                gs_open
                0x000000008f838788                gs_close
                0x000000008f83883c                gs_read
                0x000000008f838954                gs_write
                0x000000008f838a30                usb_wait_trans_done
                0x000000008f838a88                usb_is_trans_done
                0x000000008f838af4                usb_is_configured
                0x000000008f838b18                usb_is_port_open
                0x000000008f838b3c                gserial_setup
                0x000000008f838c1c                gserial_cleanup
                0x000000008f838d70                gserial_connect
                0x000000008f838e5c                gserial_disconnect
                0x000000008f83916c                gs_reset_usb_param
                0x000000008f839194                usb_serial_init
                0x000000008f8391d8                usb_serial_cleanup
 .text          0x000000008f8391f0     0x3290 drivers/video/sprdfb/dsi_1_21a/libsprdfb_dsi.o
                0x000000008f8391f0                mipi_dsih_open
                0x000000008f839470                mipi_dsih_close
                0x000000008f8394c8                mipi_dsih_allow_return_to_lp
                0x000000008f839554                mipi_dsih_dcs_cmd_lp_transmission
                0x000000008f8395d0                mipi_dsih_gen_cmd_lp_transmission
                0x000000008f83967c                mipi_dsih_enable_rx
                0x000000008f83968c                mipi_dsih_peripheral_ack
                0x000000008f8396d8                mipi_dsih_tear_effect_ack
                0x000000008f839724                mipi_dsih_eotp_rx
                0x000000008f839770                mipi_dsih_ecc_rx
                0x000000008f8397bc                mipi_dsih_eotp_tx
                0x000000008f8397ec                mipi_dsih_dpi_video
                0x000000008f839e34                mipi_dsih_cmd_mode
                0x000000008f839e70                mipi_dsih_video_mode
                0x000000008f839eac                mipi_dsih_active_mode
                0x000000008f839ee0                mipi_dsih_gen_wr_packet
                0x000000008f83a0cc                mipi_dsih_gen_wr_cmd
                0x000000008f83a0f8                mipi_dsih_dcs_wr_cmd
                0x000000008f83a138                mipi_dsih_gen_rd_packet
                0x000000008f83a328                mipi_dsih_gen_rd_cmd
                0x000000008f83a3b0                mipi_dsih_dcs_rd_cmd
                0x000000008f83a45c                mipi_dsih_dump_register_configuration
                0x000000008f83a564                mipi_dsih_write_register_configuration
                0x000000008f83a5c0                mipi_dsih_register_event
                0x000000008f83a660                mipi_dsih_unregister_event
                0x000000008f83a704                mipi_dsih_unregister_all_events
                0x000000008f83a770                mipi_dsih_event_handler
                0x000000008f83a804                mipi_dsih_reset_controller
                0x000000008f83a824                mipi_dsih_shutdown_controller
                0x000000008f83a830                mipi_dsih_reset_phy
                0x000000008f83a854                mipi_dsih_shutdown_phy
                0x000000008f83a864                mipi_dsih_edpi_video
                0x000000008f83ab38                mipi_dsih_presp_timeout_low_power_write
                0x000000008f83ab3c                mipi_dsih_presp_timeout_low_power_read
                0x000000008f83ab40                mipi_dsih_presp_timeout_high_speed_write
                0x000000008f83ab44                mipi_dsih_presp_timeout_high_speed_read
                0x000000008f83ab48                mipi_dsih_presp_timeout_bta
                0x000000008f83ab4c                mipi_dsih_check_dbi_fifos_state
                0x000000008f83aba0                mipi_dsih_check_ulpm_mode
                0x000000008f83abc4                mipi_dsih_dphy_open
                0x000000008f83ac14                mipi_dsih_dphy_write_word
                0x000000008f83ac30                mipi_dsih_dphy_test_data_in
                0x000000008f83ac3c                mipi_dsih_dphy_read_word
                0x000000008f83ac60                mipi_dsih_dphy_write_part
                0x000000008f83acac                mipi_dsih_dphy_test_en
                0x000000008f83accc                mipi_dsih_dphy_test_clear
                0x000000008f83acec                mipi_dsih_dphy_test_clock
                0x000000008f83ad08                mipi_dsih_dphy_write
                0x000000008f83ad8c                mipi_dsih_dphy_enable_hs_clk
                0x000000008f83adac                mipi_dsih_dphy_enable_nc_clk
                0x000000008f83adc8                mipi_dsih_dphy_no_of_lanes
                0x000000008f83ade8                mipi_dsih_dphy_stop_wait_time
                0x000000008f83ae04                mipi_dsih_dphy_force_pll
                0x000000008f83ae24                mipi_dsih_dphy_shutdown
                0x000000008f83ae44                mipi_dsih_dphy_reset
                0x000000008f83ae60                mipi_dsih_dphy_close
                0x000000008f83aec0                mipi_dsih_dphy_clock_en
                0x000000008f83aee0                mipi_dsih_dphy_configure
                0x000000008f83b320                mipi_dsih_dphy_status
                0x000000008f83b338                mipi_dsih_dphy_ulps_clk_lane
                0x000000008f83b430                mipi_dsih_dphy_escape_mode_trigger
                0x000000008f83b4f4                mipi_dsih_dphy_wakeup_pll
                0x000000008f83b55c                mipi_dsih_dphy_read_part
                0x000000008f83b57c                mipi_dsih_dphy_test_data_out
                0x000000008f83b598                mipi_dsih_dphy_calibration
                0x000000008f83b760                mipi_dsih_dphy_get_no_of_lanes
                0x000000008f83b77c                mipi_dsih_dphy_ulps_data_lanes
                0x000000008f83b884                mipi_dsih_dphy_get_force_pll
                0x000000008f83b894                mipi_dsih_write_word
                0x000000008f83b8a8                mipi_dsih_read_word
                0x000000008f83b8bc                mipi_dsih_write_part
                0x000000008f83b8fc                mipi_dsih_read_part
                0x000000008f83b91c                mipi_dsih_hal_get_version
                0x000000008f83b924                mipi_dsih_hal_power
                0x000000008f83b944                mipi_dsih_hal_get_power
                0x000000008f83b954                mipi_dsih_hal_tx_escape_division
                0x000000008f83b970                mipi_dsih_hal_dpi_video_vc
                0x000000008f83b990                mipi_dsih_hal_dpi_get_video_vc
                0x000000008f83b9ac                mipi_dsih_hal_dpi_color_coding
                0x000000008f83b9fc                mipi_dsih_hal_dpi_get_color_coding
                0x000000008f83ba0c                mipi_dsih_hal_dpi_get_color_depth
                0x000000008f83ba38                mipi_dsih_hal_dpi_get_color_config
                0x000000008f83ba68                mipi_dsih_hal_dpi_18_loosely_packet_en
                0x000000008f83ba88                mipi_dsih_hal_dpi_color_mode_pol
                0x000000008f83baa8                mipi_dsih_hal_dpi_shut_down_pol
                0x000000008f83bac8                mipi_dsih_hal_dpi_hsync_pol
                0x000000008f83bae8                mipi_dsih_hal_dpi_vsync_pol
                0x000000008f83bb04                mipi_dsih_hal_dpi_dataen_pol
                0x000000008f83bb24                mipi_dsih_hal_dpi_frame_ack_en
                0x000000008f83bb44                mipi_dsih_hal_dpi_null_packet_en
                0x000000008f83bb48                mipi_dsih_hal_dpi_multi_packet_en
                0x000000008f83bb4c                mipi_dsih_hal_dpi_lp_during_hfp
                0x000000008f83bb6c                mipi_dsih_hal_dpi_lp_during_hbp
                0x000000008f83bb8c                mipi_dsih_hal_dpi_lp_during_vactive
                0x000000008f83bbac                mipi_dsih_hal_dpi_lp_during_vfp
                0x000000008f83bbcc                mipi_dsih_hal_dpi_lp_during_vbp
                0x000000008f83bbec                mipi_dsih_hal_dpi_lp_during_vsync
                0x000000008f83bc0c                mipi_dsih_hal_dpi_video_mode_type
                0x000000008f83bc58                mipi_dsih_hal_dpi_video_mode_en
                0x000000008f83bc7c                mipi_dsih_hal_dpi_is_video_mode
                0x000000008f83bc9c                mipi_dsih_hal_dpi_null_packet_size
                0x000000008f83bccc                mipi_dsih_hal_dpi_chunks_no
                0x000000008f83bcfc                mipi_dsih_hal_dpi_video_packet_size
                0x000000008f83bd2c                mipi_dsih_hal_edpi_enable
                0x000000008f83bd30                mipi_dsih_hal_edpi_max_allowed_size
                0x000000008f83bd50                mipi_dsih_hal_tear_effect_ack_en
                0x000000008f83bd70                mipi_dsih_hal_cmd_ack_en
                0x000000008f83bd8c                mipi_dsih_hal_dcs_wr_tx_type
                0x000000008f83bde4                mipi_dsih_hal_dcs_rd_tx_type
                0x000000008f83be2c                mipi_dsih_hal_max_rd_packet_size_type
                0x000000008f83be50                mipi_dsih_hal_gen_wr_tx_type
                0x000000008f83bea4                mipi_dsih_hal_gen_rd_tx_type
                0x000000008f83bf20                mipi_dsih_hal_max_rd_size_tx_type
                0x000000008f83bf40                mipi_dsih_hal_gen_cmd_mode_en
                0x000000008f83bf64                mipi_dsih_hal_gen_is_cmd_mode
                0x000000008f83bf88                mipi_dsih_hal_dpi_hline
[...]
 .debug_frame   0x000000000000fec8       0x74 board/spreadtrum/sp7731gea/libsp7731gea.o(sprd_kp.o)
 .debug_frame   0x000000000000ff3c       0x20 board/spreadtrum/sp7731gea/libsp7731gea.o(pinmap-sp8830.o)
 .debug_frame   0x000000000000ff5c       0x38 board/spreadtrum/sp7731gea/libsp7731gea.o(ldo_sleep.o)
 .debug_frame   0x000000000000ff94       0xd8 arch/arm/cpu/armv7/sc8830/libsc8830.o(timer.o)
 .debug_frame   0x000000000001006c       0x40 arch/arm/cpu/armv7/sc8830/libsc8830.o(reset.o)
 .debug_frame   0x00000000000100ac       0xdc arch/arm/cpu/armv7/sc8830/libsc8830.o(ldo.o)
 .debug_frame   0x0000000000010188      0x104 arch/arm/cpu/armv7/sc8830/libsc8830.o(chg_phy.o)
 .debug_frame   0x000000000001028c       0x28 arch/arm/cpu/armv7/sc8830/libsc8830.o(mmu.o)
 .debug_frame   0x00000000000102b4       0x84 arch/arm/cpu/armv7/sc8830/libsc8830.o(adc.o)
 .debug_frame   0x0000000000010338      0x148 arch/arm/cpu/armv7/sc8830/libsc8830.o(rtc-sprd.o)
 .debug_frame   0x0000000000010480       0xa8 arch/arm/cpu/armv7/sc8830/libsc8830.o(sec_boot.o)
 .debug_frame   0x0000000000010528       0x50 arch/arm/cpu/armv7/sc8830/libsc8830.o(glb.o)
 .debug_frame   0x0000000000010578       0xf8 arch/arm/cpu/armv7/sc8830/libsc8830.o(adi.o)
 .debug_frame   0x0000000000010670      0x124 arch/arm/cpu/armv7/sc8830/libsc8830.o(gpio.o)
 .debug_frame   0x0000000000010794       0x20 arch/arm/cpu/armv7/sc8830/libsc8830.o(gpio_phy.o)
 .debug_frame   0x00000000000107b4       0xb4 arch/arm/cpu/armv7/sc8830/libsc8830.o(check_reboot.o)
 .debug_frame   0x0000000000010868       0x84 arch/arm/cpu/armv7/sc8830/libsc8830.o(eic.o)
 .debug_frame   0x00000000000108ec       0x44 arch/arm/cpu/armv7/sc8830/libsc8830.o(vibrator_sc2713.o)
 .debug_frame   0x0000000000010930       0x28 arch/arm/cpu/armv7/sc8830/libsc8830.o(otp-helper.o)
 .debug_frame   0x0000000000010958       0xac arch/arm/cpu/armv7/sc8830/libsc8830.o(efuse.o)
 .debug_frame   0x0000000000010a04       0xa0 arch/arm/cpu/armv7/sc8830/libsc8830.o(watchdog.o)
 .debug_frame   0x0000000000010aa4       0x6c arch/arm/cpu/armv7/sc8830/libsc8830.o(watchdog_phy_v3.o)
 .debug_frame   0x0000000000010b10       0xd8 arch/arm/cpu/armv7/sc8830/libsc8830.o(watchdog_hal.o)
 .debug_frame   0x0000000000010be8       0x30 arch/arm/cpu/armv7/sc8830/libsc8830.o(chip_cfg.o)
 .debug_frame   0x0000000000010c18      0x158 arch/arm/cpu/armv7/sc8830/libsc8830.o(chip_phy_x30g.o)
 .debug_frame   0x0000000000010d70       0x50 arch/arm/cpu/armv7/sc8830/libsc8830.o(Tshark_boot_cp.o)
 .debug_frame   0x0000000000010dc0       0xd8 arch/arm/cpu/armv7/sc8830/libsc8830.o(misc.o)
 .debug_frame   0x0000000000010e98      0x21c arch/arm/cpu/armv7/sc8830/libsc8830.o(dcdc_cal_sc2713s.o)
 .debug_frame   0x00000000000110b4       0x38 /home/pillar/SC7731/sprd_project/sc7731_u-boot/build/sp7731gea-u-boot/arch/arm/lib/eabi_compat.o

.debug_str      0x0000000000000000    0x226a1
 .debug_str     0x0000000000000000      0x122 arch/arm/cpu/armv7/libarmv7.o
                                        0x246 (size before relaxing)
 .debug_str     0x0000000000000122      0x8f8 arch/arm/lib/libarm.o
                                       0x12cc (size before relaxing)
 .debug_str     0x0000000000000a1a     0x4109 common/libcommon.o
                                       0x9b32 (size before relaxing)
 .debug_str     0x0000000000004b23      0x969 disk/libdisk.o
                                       0x177b (size before relaxing)
 .debug_str     0x000000000000548c      0x514 drivers/i2c/libi2c.o
                                        0xc49 (size before relaxing)
 .debug_str     0x00000000000059a0     0x2bf4 drivers/mmc/libmmc.o
                                       0x4adc (size before relaxing)
 .debug_str     0x0000000000008594      0x3af drivers/mtd/libmtd.o
                                       0x1475 (size before relaxing)
 .debug_str     0x0000000000008943     0x1472 drivers/mtd/nand/libnand.o
                                       0x4418 (size before relaxing)
 .debug_str     0x0000000000009db5      0xe16 drivers/mtd/ubi/libubi.o
                                       0x76e9 (size before relaxing)
 .debug_str     0x000000000000abcb       0x5b drivers/pcmcia/libpcmcia.o
                                        0x1c3 (size before relaxing)
 .debug_str     0x000000000000ac26       0x42 drivers/rtc/librtc.o
                                         0xd7 (size before relaxing)
 .debug_str     0x000000000000ac68      0x1cd drivers/serial/libserial.o
                                        0x3ef (size before relaxing)
 .debug_str     0x000000000000ae35     0x12c0 drivers/sound/codec/libcodec.o
                                       0x1787 (size before relaxing)
 .debug_str     0x000000000000c0f5      0x5b0 drivers/sound/dai/libdai.o
                                        0x79a (size before relaxing)
 .debug_str     0x000000000000c6a5      0x344 drivers/sound/libsound.o
                                        0x966 (size before relaxing)
 .debug_str     0x000000000000c9e9      0x3b6 drivers/spi/libspi.o
                                        0x4a5 (size before relaxing)
 .debug_str     0x000000000000cd9f     0x4659 drivers/usb/gadget/dwc_otg/libdwc_otg.o
                                       0xa338 (size before relaxing)
 .debug_str     0x00000000000113f8     0x1965 drivers/usb/gadget/libusb_gadget.o
                                       0x364e (size before relaxing)
 .debug_str     0x0000000000012d5d     0x1d7b drivers/video/sprdfb/dsi_1_21a/libsprdfb_dsi.o
                                       0x28f8 (size before relaxing)
 .debug_str     0x0000000000014ad8      0x600 drivers/video/sprdfb/lcd/liblcd.o
                                        0xe99 (size before relaxing)
 .debug_str     0x00000000000150d8      0xe9d drivers/video/sprdfb/libsprdfb.o
                                       0x5e35 (size before relaxing)
 .debug_str     0x0000000000015f75     0x1427 fs/ext4/libext4fs.o
                                       0x3165 (size before relaxing)
 .debug_str     0x000000000001739c      0x679 fs/fat/libfat.o
                                        0x954 (size before relaxing)
 .debug_str     0x0000000000017a15     0x19db fs/ubifs/libubifs.o
                                      0x19ba5 (size before relaxing)
 .debug_str     0x00000000000193f0     0x3853 fs/yaffs2/libyaffs2.o
                                       0xcd90 (size before relaxing)
 .debug_str     0x000000000001cc43      0x911 lib/libgeneric.o
                                       0x1cce (size before relaxing)
 .debug_str     0x000000000001d554      0x167 lib/lzo/liblzo.o
                                        0x2d1 (size before relaxing)
 .debug_str     0x000000000001d6bb     0x1151 nand_fdl/common/src/libfdlcommon.o
                                       0x20d5 (size before relaxing)
 .debug_str     0x000000000001e80c     0x2025 property/libproperty.o
                                       0x4738 (size before relaxing)
 .debug_str     0x0000000000020831       0xa4 board/spreadtrum/sp7731gea/libsp7731gea.o(openphone.o)
                                        0x25b (size before relaxing)
 .debug_str     0x00000000000208d5       0xa8 board/spreadtrum/sp7731gea/libsp7731gea.o(sprd_kp.o)
                                        0x1eb (size before relaxing)
 .debug_str     0x000000000002097d       0x20 board/spreadtrum/sp7731gea/libsp7731gea.o(pinmap-sp8830.o)
                                        0x117 (size before relaxing)
 .debug_str     0x000000000002099d       0x15 board/spreadtrum/sp7731gea/libsp7731gea.o(ldo_sleep.o)
                                        0x127 (size before relaxing)
 .debug_str     0x00000000000209b2       0xd8 arch/arm/cpu/armv7/sc8830/libsc8830.o(timer.o)
                                        0x1f0 (size before relaxing)
 .debug_str     0x0000000000020a8a       0x34 arch/arm/cpu/armv7/sc8830/libsc8830.o(reset.o)
                                        0x12d (size before relaxing)
 .debug_str     0x0000000000020abe      0x228 arch/arm/cpu/armv7/sc8830/libsc8830.o(ldo.o)
                                        0x647 (size before relaxing)
 .debug_str     0x0000000000020ce6      0x12f arch/arm/cpu/armv7/sc8830/libsc8830.o(chg_phy.o)
                                        0x2ae (size before relaxing)
 .debug_str     0x0000000000020e15       0x52 arch/arm/cpu/armv7/sc8830/libsc8830.o(mmu.o)
                                        0x140 (size before relaxing)
 .debug_str     0x0000000000020e67      0x151 arch/arm/cpu/armv7/sc8830/libsc8830.o(adc.o)
                                        0x26d (size before relaxing)
 .debug_str     0x0000000000020fb8       0xd4 arch/arm/cpu/armv7/sc8830/libsc8830.o(rtc-sprd.o)
                                        0x1ea (size before relaxing)
 .debug_str     0x000000000002108c      0x183 arch/arm/cpu/armv7/sc8830/libsc8830.o(sec_boot.o)
                                        0x2de (size before relaxing)
 .debug_str     0x000000000002120f       0x4b arch/arm/cpu/armv7/sc8830/libsc8830.o(glb.o)
                                        0x138 (size before relaxing)
 .debug_str     0x000000000002125a      0x13e arch/arm/cpu/armv7/sc8830/libsc8830.o(adi.o)
                                        0x278 (size before relaxing)
 .debug_str     0x0000000000021398      0x24e arch/arm/cpu/armv7/sc8830/libsc8830.o(gpio.o)
                                        0x44b (size before relaxing)
 .debug_str     0x00000000000215e6       0x37 arch/arm/cpu/armv7/sc8830/libsc8830.o(gpio_phy.o)
                                        0x1a9 (size before relaxing)
 .debug_str     0x000000000002161d       0x8a arch/arm/cpu/armv7/sc8830/libsc8830.o(check_reboot.o)
                                        0x207 (size before relaxing)
 .debug_str     0x00000000000216a7       0x9e arch/arm/cpu/armv7/sc8830/libsc8830.o(eic.o)
                                        0x245 (size before relaxing)
 .debug_str     0x0000000000021745       0x30 arch/arm/cpu/armv7/sc8830/libsc8830.o(vibrator_sc2713.o)
                                        0x127 (size before relaxing)
 .debug_str     0x0000000000021775       0x40 arch/arm/cpu/armv7/sc8830/libsc8830.o(otp-helper.o)
                                        0x127 (size before relaxing)
 .debug_str     0x00000000000217b5       0xb7 arch/arm/cpu/armv7/sc8830/libsc8830.o(efuse.o)
                                        0x1b2 (size before relaxing)
 .debug_str     0x000000000002186c       0xe3 arch/arm/cpu/armv7/sc8830/libsc8830.o(watchdog.o)
                                        0x1e7 (size before relaxing)
 .debug_str     0x000000000002194f       0xf5 arch/arm/cpu/armv7/sc8830/libsc8830.o(watchdog_phy_v3.o)
                                        0x21c (size before relaxing)
 .debug_str     0x0000000000021a44       0x2f arch/arm/cpu/armv7/sc8830/libsc8830.o(watchdog_hal.o)
                                        0x24d (size before relaxing)
 .debug_str     0x0000000000021a73       0x55 arch/arm/cpu/armv7/sc8830/libsc8830.o(chip_cfg.o)
                                        0x212 (size before relaxing)
 .debug_str     0x0000000000021ac8      0x2e5 arch/arm/cpu/armv7/sc8830/libsc8830.o(chip_phy_x30g.o)
                                        0x4b4 (size before relaxing)
 .debug_str     0x0000000000021dad       0x2b arch/arm/cpu/armv7/sc8830/libsc8830.o(Tshark_boot_cp.o)
                                        0x116 (size before relaxing)
 .debug_str     0x0000000000021dd8      0x180 arch/arm/cpu/armv7/sc8830/libsc8830.o(misc.o)
                                        0x2db (size before relaxing)
 .debug_str     0x0000000000021f58      0x717 arch/arm/cpu/armv7/sc8830/libsc8830.o(dcdc_cal_sc2713s.o)
                                        0x89d (size before relaxing)
 .debug_str     0x000000000002266f       0x32 /home/pillar/SC7731/sprd_project/sc7731_u-boot/build/sp7731gea-u-boot/arch/arm/lib/eabi_compat.o
                                        0x103 (size before relaxing)

.debug_loc      0x0000000000000000    0x74bc4
 .debug_loc     0x0000000000000000       0xed arch/arm/cpu/armv7/libarmv7.o
 .debug_loc     0x00000000000000ed      0x8b4 arch/arm/lib/libarm.o
 .debug_loc     0x00000000000009a1     0xe667 common/libcommon.o
 .debug_loc     0x000000000000f008     0x157b disk/libdisk.o
 .debug_loc     0x0000000000010583     0x11e7 drivers/i2c/libi2c.o
 .debug_loc     0x000000000001176a     0x5c2c drivers/mmc/libmmc.o
 .debug_loc     0x0000000000017396     0x1093 drivers/mtd/libmtd.o
 .debug_loc     0x0000000000018429     0x808e drivers/mtd/nand/libnand.o
 .debug_loc     0x00000000000204b7     0x846e drivers/mtd/ubi/libubi.o
 .debug_loc     0x0000000000028925      0x394 drivers/serial/libserial.o
 .debug_loc     0x0000000000028cb9     0x2a46 drivers/sound/codec/libcodec.o
 .debug_loc     0x000000000002b6ff      0xc24 drivers/sound/dai/libdai.o
 .debug_loc     0x000000000002c323      0x994 drivers/sound/libsound.o
 .debug_loc     0x000000000002ccb7      0x27f drivers/spi/libspi.o
 .debug_loc     0x000000000002cf36     0x88e9 drivers/usb/gadget/dwc_otg/libdwc_otg.o
 .debug_loc     0x000000000003581f     0x5f81 drivers/usb/gadget/libusb_gadget.o
 .debug_loc     0x000000000003b7a0     0x4303 drivers/video/sprdfb/dsi_1_21a/libsprdfb_dsi.o
 .debug_loc     0x000000000003faa3      0x3be drivers/video/sprdfb/lcd/liblcd.o
 .debug_loc     0x000000000003fe61     0x2203 drivers/video/sprdfb/libsprdfb.o
 .debug_loc     0x0000000000042064     0x59f4 fs/ext4/libext4fs.o
 .debug_loc     0x0000000000047a58     0x340f fs/fat/libfat.o
 .debug_loc     0x000000000004ae67     0xd7f4 fs/ubifs/libubifs.o
 .debug_loc     0x000000000005865b     0xc1ad fs/yaffs2/libyaffs2.o
 .debug_loc     0x0000000000064808     0x694f lib/libgeneric.o
 .debug_loc     0x000000000006b157      0xd13 lib/lzo/liblzo.o
 .debug_loc     0x000000000006be6a     0x12a3 nand_fdl/common/src/libfdlcommon.o
 .debug_loc     0x000000000006d10d     0x3824 property/libproperty.o
 .debug_loc     0x0000000000070931       0x73 board/spreadtrum/sp7731gea/libsp7731gea.o(openphone.o)
 .debug_loc     0x00000000000709a4      0x19f board/spreadtrum/sp7731gea/libsp7731gea.o(sprd_kp.o)
 .debug_loc     0x0000000000070b43       0x76 board/spreadtrum/sp7731gea/libsp7731gea.o(ldo_sleep.o)
 .debug_loc     0x0000000000070bb9      0x229 arch/arm/cpu/armv7/sc8830/libsc8830.o(timer.o)
 .debug_loc     0x0000000000070de2       0xa0 arch/arm/cpu/armv7/sc8830/libsc8830.o(reset.o)
 .debug_loc     0x0000000000070e82      0x378 arch/arm/cpu/armv7/sc8830/libsc8830.o(ldo.o)
 .debug_loc     0x00000000000711fa      0x210 arch/arm/cpu/armv7/sc8830/libsc8830.o(chg_phy.o)
 .debug_loc     0x000000000007140a       0x52 arch/arm/cpu/armv7/sc8830/libsc8830.o(mmu.o)
 .debug_loc     0x000000000007145c      0x1d5 arch/arm/cpu/armv7/sc8830/libsc8830.o(adc.o)
 .debug_loc     0x0000000000071631      0x537 arch/arm/cpu/armv7/sc8830/libsc8830.o(rtc-sprd.o)
 .debug_loc     0x0000000000071b68      0x24c arch/arm/cpu/armv7/sc8830/libsc8830.o(sec_boot.o)
 .debug_loc     0x0000000000071db4       0x68 arch/arm/cpu/armv7/sc8830/libsc8830.o(glb.o)
 .debug_loc     0x0000000000071e1c      0x34f arch/arm/cpu/armv7/sc8830/libsc8830.o(adi.o)
 .debug_loc     0x000000000007216b      0x683 arch/arm/cpu/armv7/sc8830/libsc8830.o(gpio.o)
 .debug_loc     0x00000000000727ee       0x13 arch/arm/cpu/armv7/sc8830/libsc8830.o(gpio_phy.o)
 .debug_loc     0x0000000000072801      0x1b4 arch/arm/cpu/armv7/sc8830/libsc8830.o(check_reboot.o)
 .debug_loc     0x00000000000729b5      0x4b3 arch/arm/cpu/armv7/sc8830/libsc8830.o(eic.o)
 .debug_loc     0x0000000000072e68       0x5e arch/arm/cpu/armv7/sc8830/libsc8830.o(vibrator_sc2713.o)
 .debug_loc     0x0000000000072ec6       0x33 arch/arm/cpu/armv7/sc8830/libsc8830.o(otp-helper.o)
 .debug_loc     0x0000000000072ef9      0x1a4 arch/arm/cpu/armv7/sc8830/libsc8830.o(efuse.o)
 .debug_loc     0x000000000007309d       0x66 arch/arm/cpu/armv7/sc8830/libsc8830.o(watchdog.o)
 .debug_loc     0x0000000000073103       0xea arch/arm/cpu/armv7/sc8830/libsc8830.o(watchdog_phy_v3.o)
 .debug_loc     0x00000000000731ed      0x167 arch/arm/cpu/armv7/sc8830/libsc8830.o(watchdog_hal.o)
 .debug_loc     0x0000000000073354       0x26 arch/arm/cpu/armv7/sc8830/libsc8830.o(chip_cfg.o)
 .debug_loc     0x000000000007337a      0x400 arch/arm/cpu/armv7/sc8830/libsc8830.o(chip_phy_x30g.o)
 .debug_loc     0x000000000007377a       0x40 arch/arm/cpu/armv7/sc8830/libsc8830.o(Tshark_boot_cp.o)
 .debug_loc     0x00000000000737ba       0xe1 arch/arm/cpu/armv7/sc8830/libsc8830.o(misc.o)
 .debug_loc     0x000000000007389b     0x12eb arch/arm/cpu/armv7/sc8830/libsc8830.o(dcdc_cal_sc2713s.o)
 .debug_loc     0x0000000000074b86       0x3e /home/pillar/SC7731/sprd_project/sc7731_u-boot/build/sp7731gea-u-boot/arch/arm/lib/eabi_compat.o

.debug_ranges   0x0000000000000000     0x95e0
 .debug_ranges  0x0000000000000000       0xc0 arch/arm/lib/libarm.o
 .debug_ranges  0x00000000000000c0      0xd88 common/libcommon.o
 .debug_ranges  0x0000000000000e48      0x110 disk/libdisk.o
 .debug_ranges  0x0000000000000f58       0xd0 drivers/i2c/libi2c.o
 .debug_ranges  0x0000000000001028      0x840 drivers/mmc/libmmc.o
 .debug_ranges  0x0000000000001868      0x210 drivers/mtd/libmtd.o
 .debug_ranges  0x0000000000001a78      0xa48 drivers/mtd/nand/libnand.o
 .debug_ranges  0x00000000000024c0      0xaa0 drivers/mtd/ubi/libubi.o
 .debug_ranges  0x0000000000002f60       0x18 drivers/serial/libserial.o
 .debug_ranges  0x0000000000002f78      0x528 drivers/sound/codec/libcodec.o
 .debug_ranges  0x00000000000034a0      0x150 drivers/sound/dai/libdai.o
 .debug_ranges  0x00000000000035f0       0xd0 drivers/sound/libsound.o
 .debug_ranges  0x00000000000036c0      0x738 drivers/usb/gadget/dwc_otg/libdwc_otg.o
 .debug_ranges  0x0000000000003df8      0x918 drivers/usb/gadget/libusb_gadget.o
 .debug_ranges  0x0000000000004710       0x30 drivers/video/sprdfb/dsi_1_21a/libsprdfb_dsi.o
 .debug_ranges  0x0000000000004740       0x48 drivers/video/sprdfb/lcd/liblcd.o
 .debug_ranges  0x0000000000004788      0x510 drivers/video/sprdfb/libsprdfb.o
 .debug_ranges  0x0000000000004c98      0x360 fs/ext4/libext4fs.o
 .debug_ranges  0x0000000000004ff8      0x4c0 fs/fat/libfat.o
 .debug_ranges  0x00000000000054b8     0x2060 fs/ubifs/libubifs.o
 .debug_ranges  0x0000000000007518     0x1080 fs/yaffs2/libyaffs2.o
 .debug_ranges  0x0000000000008598      0x318 lib/libgeneric.o
 .debug_ranges  0x00000000000088b0      0x230 lib/lzo/liblzo.o
 .debug_ranges  0x0000000000008ae0       0x90 nand_fdl/common/src/libfdlcommon.o
 .debug_ranges  0x0000000000008b70      0x1f0 property/libproperty.o
 .debug_ranges  0x0000000000008d60       0x90 arch/arm/cpu/armv7/sc8830/libsc8830.o(timer.o)
 .debug_ranges  0x0000000000008df0       0x30 arch/arm/cpu/armv7/sc8830/libsc8830.o(ldo.o)
 .debug_ranges  0x0000000000008e20       0x48 arch/arm/cpu/armv7/sc8830/libsc8830.o(chg_phy.o)
 .debug_ranges  0x0000000000008e68       0x30 arch/arm/cpu/armv7/sc8830/libsc8830.o(adc.o)
 .debug_ranges  0x0000000000008e98       0x60 arch/arm/cpu/armv7/sc8830/libsc8830.o(sec_boot.o)
 .debug_ranges  0x0000000000008ef8      0x210 arch/arm/cpu/armv7/sc8830/libsc8830.o(gpio.o)
 .debug_ranges  0x0000000000009108       0x18 arch/arm/cpu/armv7/sc8830/libsc8830.o(check_reboot.o)
 .debug_ranges  0x0000000000009120      0x100 arch/arm/cpu/armv7/sc8830/libsc8830.o(eic.o)
 .debug_ranges  0x0000000000009220       0x60 arch/arm/cpu/armv7/sc8830/libsc8830.o(vibrator_sc2713.o)
 .debug_ranges  0x0000000000009280       0x48 arch/arm/cpu/armv7/sc8830/libsc8830.o(efuse.o)
 .debug_ranges  0x00000000000092c8       0x18 arch/arm/cpu/armv7/sc8830/libsc8830.o(watchdog_phy_v3.o)
 .debug_ranges  0x00000000000092e0       0x78 arch/arm/cpu/armv7/sc8830/libsc8830.o(chip_phy_x30g.o)
 .debug_ranges  0x0000000000009358       0x38 arch/arm/cpu/armv7/sc8830/libsc8830.o(misc.o)
 .debug_ranges  0x0000000000009390      0x250 arch/arm/cpu/armv7/sc8830/libsc8830.o(dcdc_cal_sc2713s.o)
